// Jest Snapshot v1, https://goo.gl/fbAQLP

exports[`validatePlugin warns if field are missing arguments 1`] = `
Array [
  "[33m%s[0m",
  "[ShouldWarn.id] does not have any arguments, but a validate function was passed",
]
`;
